OnlineShopping{
session=Session{
LOCATION_SERVICE=LocationService
DELIVERY_INFO=DeliveryInformation{type='HOME_DELIVERY', deliveryAddress='NEARBY', pickupLocation=Store{name='Backaplan', droneDelivery=false}, weight=30}
STORE=Store{name='Backaplan', droneDelivery=false}
CART=Cart{items=
Item{name='Cherry Bloom', type='LIPSTICK', weight=30}
Item{name='Blusher Brush', type='TOOL', weight=50}
StoreEvent{name='Eyeshadow Masterclass', location=Store{name='Nordstan', droneDelivery=false}}
StoreEvent{name='Makeover', location=Store{name='Nordstan', droneDelivery=false}}
StoreEvent{name='Makeover', location=Store{name='Backaplan', droneDelivery=false}}
unavailable=
Item{name='Blusher Brush', type='TOOL', weight=50}
StoreEvent{name='Eyeshadow Masterclass', location=Store{name='Nordstan', droneDelivery=false}}
StoreEvent{name='Makeover', location=Store{name='Nordstan', droneDelivery=false}}
}
}
}